
> frontend@0.0.0 build
> vite build

[36mvite v8.0.0 [32mbuilding client environment for production...[36m[39m
[2K
node.exe : [33m[vite:css][postcss] @import must precede all 
other statements (besides @charset or empty @layer)
At D:\npm.ps1:29 char:3
+   & $NODE_EXE $NPM_CLI_JS $args
+   ~~~~~~~~~~~~~~~~~~~~~~~~~~~~~
    + CategoryInfo          : NotSpecified: ([33m[vite:css]. 
   ..r empty @layer):String) [], RemoteException
    + FullyQualifiedErrorId : NativeCommandError
 
72 |  }
73 |  
74 |  @import url('https://fonts.googleapis.com/css2?family=In
ter:wght@300;400;500;600;700&display=swap');
   |  ^^^^^^^^^^^^^^^^^^^^^^^^^^^^^^^^^^^^^^^^^^^^^^^^^^^^^^^^
^^^^^^^^^^^^^^^^^^^^^^^^^^^^^^^^^^^^^^^^^^^^
75 |  
76 |  /* Legacy CSS Variables for components that still use 
var(--primary) etc. */[39m
transforming...ظ£ô 16 modules transformed.
[31mظ£ù[39m Build failed in 1.17s
[31merror during build:
[31mBuild failed with 1 error:

[31m[UNRESOLVED_IMPORT] Error:[0m Could not resolve 
'./components/Dashboard' in src/App.jsx
   [38;5;246mظـص[0m[38;5;246mظ¤[0m[38;5;246m[[0m 
src/App.jsx:4:23 [38;5;246m][0m
   [38;5;246mظ¤é[0m
 [38;5;246m4 ظ¤é[0m [38;5;249mi[0m[38;5;249mm[0m[38;5;2
49mp[0m[38;5;249mo[0m[38;5;249mr[0m[38;5;249mt[0m[38;5
;249m [0m[38;5;249mD[0m[38;5;249ma[0m[38;5;249ms[0m[38
;5;249mh[0m[38;5;249mb[0m[38;5;249mo[0m[38;5;249ma[0m[
38;5;249mr[0m[38;5;249md[0m[38;5;249m [0m[38;5;249mf[0m
[38;5;249mr[0m[38;5;249mo[0m[38;5;249mm[0m[38;5;249m 
[0m"./components/Dashboard"[38;5;249m;[0m
 [38;5;240m  ظ¤é[0m                       ظ¤ظ¤ظ¤ظ¤ظ¤ظ¤
ظ¤ظ¤ظ¤ظ¤ظ¤ظ¤ظ¤شظ¤ظ¤ظ¤ظ¤ظ¤ظ¤ظ¤ظ¤ظ¤ظ¤ظ¤  
 [38;5;240m  ظ¤é[0m                                   
ظـ░ظ¤ظ¤ظ¤ظ¤ظ¤ظ¤ظ¤ظ¤ظ¤ظ¤ظ¤ظ¤ظ¤ Module not found.
 [38;5;240m  ظ¤é[0m 
 [38;5;240m  ظ¤é[0m [38;5;115mHelp[0m: 'src/App.jsx' is 
imported by the following path:
 [38;5;240m  ظ¤é[0m         - src/App.jsx
 [38;5;240m  ظ¤é[0m         - src/main.jsx
 [38;5;240m  ظ¤é[0m         - index.html
[38;5;246mظ¤ظ¤ظ¤ظـ»[0m
[31m
    at aggregateBindingErrorsIntoJsError (file:///C:/Users/Ayy
an%20Lapop/OneDrive/Desktop/ace/frontend/node_modules/rolldown
/dist/shared/error-CP8smW_P.mjs:48:18)
    at unwrapBindingResult (file:///C:/Users/Ayyan%20Lapop/One
Drive/Desktop/ace/frontend/node_modules/rolldown/dist/shared/e
rror-CP8smW_P.mjs:18:128)
    at #build (file:///C:/Users/Ayyan%20Lapop/OneDrive/Desktop
/ace/frontend/node_modules/rolldown/dist/shared/rolldown-build
-4YnQkA76.mjs:3311:34)
    at async buildEnvironment (file:///C:/Users/Ayyan%20Lapop/
OneDrive/Desktop/ace/frontend/node_modules/vite/dist/node/chun
ks/node.js:32794:64)
    at async Object.build (file:///C:/Users/Ayyan%20Lapop/OneD
rive/Desktop/ace/frontend/node_modules/vite/dist/node/chunks/n
ode.js:33216:19)
    at async Object.buildApp (file:///C:/Users/Ayyan%20Lapop/O
neDrive/Desktop/ace/frontend/node_modules/vite/dist/node/chunk
s/node.js:33213:153)
    at async CAC.<anonymous> (file:///C:/Users/Ayyan%20Lapop/O
neDrive/Desktop/ace/frontend/node_modules/vite/dist/node/cli.j
s:778:3) {
  errors: [Getter/Setter]
}[39m
